// Vitest Snapshot v1

exports[`<ForgotPasswordForm> > renders and matches snapshot type forgot 1`] = `
<div>
  <form
    data-testid="forgot-password-form"
    novalidate=""
  >
    <h2
      class="_title_27331a"
    >
      reset.forgot_password
    </h2>
    <p
      class="_text_27331a"
    >
      reset.forgot_text
    </p>
    <div
      class="_textField_e16c1b"
    >
      <label
        class="_label_e16c1b"
        for="text-field_1235_email"
      >
        reset.email
      </label>
      <div
        class="_container_e16c1b"
      >
        <input
          class="_input_e16c1b"
          id="text-field_1235_email"
          name="email"
          placeholder="reset.email"
          required=""
          type="email"
          value=""
        />
      </div>
    </div>
    <button
      aria-disabled="false"
      class="_button_f8f296 _button_27331a _primary_f8f296 _outlined_f8f296 _fullWidth_f8f296"
      type="submit"
    >
      <span>
        reset.email_me
      </span>
    </button>
  </form>
</div>
`;
