// Vitest Snapshot v1

exports[`<Player> > renders and matches snapshot 1`] = `
<div>
  <div
    class="_container_20cd38"
    data-testid="player-container"
  >
    <div />
  </div>
</div>
`;
