// Vitest Snapshot v1

exports[`<SubscriptionCancelled> > renders and matches snapshot 1`] = `
<div>
  <div>
    <h2
      class="_title_8d0ebd"
    >
      subscription_cancelled.title
    </h2>
    <p>
      subscription_cancelled.message
    </p>
    <button
      class="_button_f8f296 _default_f8f296 _outlined_f8f296 _fullWidth_f8f296"
    >
      <span>
        subscription_cancelled.return_to_profile
      </span>
    </button>
  </div>
</div>
`;
