// Vitest Snapshot v1

exports[`<PasswordStrength> > renders and matches snapshot 1`] = `
<div>
  <div
    class="_passwordStrength_857746"
    data-strength="2"
  >
    <div
      class="_passwordStrengthBar_857746"
    >
      <div
        class="_passwordStrengthFill_857746"
      />
    </div>
     
    <span
      class="_label_857746"
    >
      registration.password_strength.fair
    </span>
  </div>
</div>
`;
