// Vitest Snapshot v1

exports[`<Welcome> > renders and matches snapshot 1`] = `
<div>
  <div
    class="_welcome_c4a16f"
  >
    <h2>
      checkout.welcome_title
    </h2>
    <p>
      checkout.welcome_description
    </p>
    <button
      class="_button_f8f296 _primary_f8f296 _fullWidth_f8f296 _large_f8f296"
    >
      <span>
        checkout.start_watching
      </span>
    </button>
  </div>
</div>
`;
