// Vitest Snapshot v1

exports[`<Header /> > renders header 1`] = `
<div>
  <header
    class="_header_f4f7a7 _static_f4f7a7"
  >
    <div
      class="_container_f4f7a7"
    >
      <div
        class="_menu_f4f7a7"
      >
        <div
          aria-label="open_menu"
          class="_iconButton_0fef65 _iconButton_f4f7a7"
          role="button"
          tabindex="0"
        >
          <svg
            aria-hidden="true"
            class="_icon_1e9999"
            focusable="false"
            viewBox="0 0 24 24"
            xmlns="http://www.w3.org/2000/svg"
          >
            <g>
              <path
                d="M0 0h24v24H0V0z"
                fill="none"
              />
              <path
                d="M3 18h18v-2H3v2zm0-5h18v-2H3v2zm0-7v2h18V6H3z"
              />
            </g>
          </svg>
        </div>
      </div>
      <nav
        aria-label="menu"
        class="_nav_f4f7a7"
      >
        a
      </nav>
      <div
        class="_search_f4f7a7"
      >
        <div
          class="_searchBar_3bb1d7"
        >
          <svg
            aria-hidden="true"
            class="_icon_1e9999 _icon_3bb1d7"
            focusable="false"
            viewBox="0 0 24 24"
            xmlns="http://www.w3.org/2000/svg"
          >
            <g>
              <path
                d="M15.5 14h-.79l-.28-.27C15.41 12.59 16 11.11 16 9.5 16 5.91 13.09 3 9.5 3S3 5.91 3 9.5 5.91 16 9.5 16c1.61 0 3.09-.59 4.23-1.57l.27.28v.79l5 4.99L20.49 19l-4.99-5zm-6 0C7.01 14 5 11.99 5 9.5S7.01 5 9.5 5 14 7.01 14 9.5 11.99 14 9.5 14z"
              />
            </g>
          </svg>
          <input
            aria-label="search_bar.search_label"
            class="_input_3bb1d7"
            placeholder="search_bar.search_placeholder"
            type="text"
            value=""
          />
        </div>
      </div>
      <div
        class="_buttonContainer_f4f7a7"
      >
        <button
          class="_button_f8f296 _default_f8f296 _outlined_f8f296"
        >
          <span>
            sign_in
          </span>
        </button>
        <button
          class="_button_f8f296 _primary_f8f296"
        >
          <span>
            sign_up
          </span>
        </button>
      </div>
    </div>
  </header>
</div>
`;
