// Vitest Snapshot v1

exports[`<NoPaymentRequired> > renders and matches snapshot 1`] = `
<div>
  <div
    class="_noPaymentRequired_b113e6"
  >
    <p>
      checkout.no_payment_needed
    </p>
    <button
      class="_button_f8f296 _primary_f8f296 _fullWidth_f8f296 _large_f8f296"
    >
      <span>
        checkout.continue
      </span>
    </button>
  </div>
</div>
`;
