// Vitest Snapshot v1

exports[`<Layout /> > renders layout 1`] = `
<div>
  <div
    class="_layout_c71437"
  >
    <div
      class="_main_c71437"
    >
      <header
        class="_header_f4f7a7 _static_f4f7a7"
      >
        <div
          class="_container_f4f7a7"
        >
          <div
            class="_menu_f4f7a7"
          >
            <div
              aria-label="open_menu"
              class="_iconButton_0fef65 _iconButton_f4f7a7"
              role="button"
              tabindex="0"
            >
              <svg
                aria-hidden="true"
                class="_icon_1e9999"
                focusable="false"
                viewBox="0 0 24 24"
                xmlns="http://www.w3.org/2000/svg"
              >
                <g>
                  <path
                    d="M0 0h24v24H0V0z"
                    fill="none"
                  />
                  <path
                    d="M3 18h18v-2H3v2zm0-5h18v-2H3v2zm0-7v2h18V6H3z"
                  />
                </g>
              </svg>
            </div>
          </div>
          <nav
            aria-label="menu"
            class="_nav_f4f7a7"
          >
            <a
              aria-current="page"
              class="_button_f8f296 _default_f8f296 _text_f8f296 _active_f8f296"
              href="/"
            >
              <span>
                home
              </span>
            </a>
          </nav>
          <div
            class="_search_f4f7a7"
          />
        </div>
      </header>
      <div
        class="_backdrop_577f70"
      />
      <div
        class="_sidebar_577f70"
      >
        <div
          class="_heading_577f70"
        >
          <div
            aria-label="close_menu"
            class="_iconButton_0fef65"
            role="button"
            tabindex="-1"
          >
            <svg
              aria-hidden="true"
              class="_icon_1e9999"
              focusable="false"
              viewBox="0 0 24 24"
              xmlns="http://www.w3.org/2000/svg"
            >
              <g>
                <path
                  d="M19 6.41L17.59 5 12 10.59 6.41 5 5 6.41 10.59 12 5 17.59 6.41 19 12 13.41 17.59 19 19 17.59 13.41 12z"
                />
                <path
                  d="M0 0h24v24H0z"
                  fill="none"
                />
              </g>
            </svg>
          </div>
        </div>
        <nav
          class="_group_577f70"
        >
          <a
            aria-current="page"
            aria-label="home"
            class="_menuButton_91706b _active_91706b"
            href="/"
            tabindex="-1"
          >
            <span>
              home
            </span>
          </a>
          <hr
            class="_divider_c71437"
          />
        </nav>
      </div>
    </div>
  </div>
</div>
`;
