// Vitest Snapshot v1

exports[`<HelperText> > renders and matches snapshot 1`] = `
<div>
  <div
    class="_helperText_da58e0 _error_da58e0"
  >
    Hello world!
  </div>
</div>
`;
