// Vitest Snapshot v1

exports[`<CreditCardExpiryField> > renders and matches snapshot 1`] = `
<div>
  <div
    class="_textField_e16c1b"
  >
    <label
      class="_label_e16c1b"
      for="text-field_1235_cardExpiry"
    >
      Expiry date
    </label>
    <div
      class="_container_e16c1b"
    >
      <input
        class="_input_e16c1b"
        id="text-field_1235_cardExpiry"
        name="cardExpiry"
        pattern="[0-1][0-9]/[0-9]{2}"
        placeholder="MM/YY"
        required=""
        type="text"
        value=""
      />
    </div>
  </div>
</div>
`;
