// Vitest Snapshot v1

exports[`<ResetPassword> > renders and matches snapshot 1`] = `
<div>
  <div>
    <h5
      class="_title_1976d9"
    >
      reset.reset_password
    </h5>
    <p
      class="_text_1976d9"
    >
      reset.text
    </p>
    <button
      aria-disabled="false"
      class="_button_f8f296 _button_1976d9 _primary_f8f296 _outlined_f8f296 _fullWidth_f8f296"
    >
      <span>
        reset.yes
      </span>
    </button>
    <button
      class="_button_f8f296 _default_f8f296 _outlined_f8f296 _fullWidth_f8f296"
    >
      <span>
        reset.no
      </span>
    </button>
  </div>
</div>
`;
