// Vitest Snapshot v1

exports[`<Alert> > renders and matches snapshot 1`] = `<div />`;
