// Vitest Snapshot v1

exports[`<PayPal> > renders and matches snapshot 1`] = `
<div>
  <div
    class="_payPal_e4df94"
  >
    <p>
      checkout.paypal_instructions
    </p>
    <button
      class="_button_f8f296 _primary_f8f296 _fullWidth_f8f296 _large_f8f296"
    >
      <span>
        checkout.continue
      </span>
    </button>
  </div>
</div>
`;
