// Vitest Snapshot v1

exports[`<Radio> > renders and matches snapshot 1`] = `
<div>
  <div>
    <div
      class="_header_d50e6e"
    >
      Choose a Value
      <span>
        optional
      </span>
    </div>
    <div
      class="_radio_d50e6e"
    >
      <input
        checked=""
        id="radio_1235_radio0"
        name="radio"
        type="radio"
        value="value1"
      />
      <label
        for="radio_1235_radio0"
      >
        value1
      </label>
    </div>
    <div
      class="_radio_d50e6e"
    >
      <input
        id="radio_1235_radio1"
        name="radio"
        type="radio"
        value="value2"
      />
      <label
        for="radio_1235_radio1"
      >
        value2
      </label>
    </div>
    <div
      class="_radio_d50e6e"
    >
      <input
        id="radio_1235_radio2"
        name="radio"
        type="radio"
        value="value3"
      />
      <label
        for="radio_1235_radio2"
      >
        value3
      </label>
    </div>
    <div
      class="_helperText_da58e0"
    >
      This is required!
    </div>
  </div>
</div>
`;
