// Vitest Snapshot v1

exports[`<AccountModal> > renders and matches snapshot 1`] = `<div />`;
